FATAL [5,11]: Arithmetic operator applied to invalid operand
Semantic analysis failed
