FATAL [5,7]: Arithmetic operator applied to invalid operand
Semantic analysis failed
