FATAL [4,8]: Invalid equality operation
Semantic analysis failed
