FATAL [8,8]: Invalid equality operation
Semantic analysis failed
