FATAL [2,16]: Invalid type in declaration
Semantic analysis failed
