FATAL [1,1]: Unknown struct used
Semantic analysis failed
