FATAL [3,9]: Undeclared identifier
FATAL [2,9]: Non-bool expression used as a while condition
Semantic analysis failed
