FATAL [3,6]: Function call with wrong number of args
Semantic analysis failed
