FATAL [8,4]: Invalid assignment operation
Semantic analysis failed
