FATAL [9,8]: Type of actual does not match type of formal
Semantic analysis failed
