FATAL [10,7]: Type of actual does not match type of formal
Semantic analysis failed
