FATAL [3,20]: Undeclared identifier
Semantic analysis failed
