FATAL [5,8]: Multiply declared identifier
Semantic analysis failed
