FATAL [1,20]: Multiply declared identifier
FATAL [1,20]: Invalid type in declaration
Semantic analysis failed
