FATAL [8,15]: Invalid equality operation
Semantic analysis failed
