FATAL [5,3]: Undeclared identifier
Semantic analysis failed
