FATAL [6,2]: Undeclared identifier
Semantic analysis failed
