FATAL [5,2]: Undeclared identifier
Semantic analysis failed
