FATAL [2,8]: Attempt to read a function
Semantic analysis failed
