FATAL [1,9]: Unknown struct used
Semantic analysis failed
