FATAL [8,7]: Undeclared identifier
Semantic analysis failed
