FATAL [7,9]: Invalid assignment operation
Semantic analysis failed
