FATAL [2,6]: Multiply declared identifier
FATAL [3,6]: Multiply declared identifier
Semantic analysis failed
