FATAL [2,6]: Multiply declared identifier
Semantic analysis failed
