FATAL [4,5]: Multiply declared identifier
FATAL [6,7]: Multiply declared identifier
Semantic analysis failed
