FATAL [2,8]: Undeclared identifier
Semantic analysis failed
