FATAL [3,4]: Invalid assignment operation
Semantic analysis failed
