FATAL [2,7]: Invalid type in declaration
Semantic analysis failed
