FATAL [7,9]: Attempt to output a struct variable
Semantic analysis failed
