FATAL [4,9]: Bad return value
Semantic analysis failed
